// Jest Snapshot v1, https://goo.gl/fbAQLP

exports[`LeftMenu component recieves className 1`] = `
<div
  className="left_menu TEST_CLASS"
>
  TEST
</div>
`;

exports[`LeftMenu component renders children 1`] = `
<div
  className="left_menu"
>
  TEST
</div>
`;
